[go1.com/index.html]
[backblue.gif]
[fade.gif]
[index.html]
[go1.com/images/favicon.ico]
[go1.com/vendors/elegant-icons/css/style.css]
[go1.com/vendors/etlinefont-bower/style.css]
[go1.com/vendors/bootstrap/css/bootstrap.min.css]
[go1.com/vendors/animate.css/animate.css]
[go1.com/js/fancybox/source/jquery.fancybox.css]
[go1.com/css/style.css]
[cdnjs.cloudflare.com/ajax/libs/jquery-jgrowl/1.4.1/jquery.jgrowl.min.css]
[go1.com/index_vn.html]
[go1.com/pricing.html]
[go1.com/index-2.html]
[go1.com/images/logo.png]
[go1.com/features.html]
[go1.com/case-studies.html]
[go1.com/contact.html]
[go1.com/images/product-image.png]
[go1.com/images/training-screen.png]
[go1.com/images/course-screen.png]
[go1.com/images/training-organization.png]
[assets.zendesk.com/embeddable_framework/main.js]
[go1.com/images/nicole_leap_circle.png]
[go1.com/images/Educaruno.jpg]
[go1.com/images/CraigWeiss.jpg]
[go1.com/images/logo-dark.png]
[go1.com/tos.html]
[go1.com/policy.html]
[go1.com/vendors/jquery-1.10.2.min.js]
[go1.com/vendors/bootstrap/js/bootstrap.min.js]
[go1.com/vendors/bootstrap-hover-dropdown/bootstrap-hover-dropdown.js]
[go1.com/vendors/html5shiv.js]
[go1.com/vendors/respond.min.js]
[go1.com/vendors/modernizr.custom.97074.js]
[go1.com/vendors/wow/wow.min.js]
[go1.com/js/fancybox/source/jquery.fancybox.pack.js]
[go1.com/js/fancybox/source/helpers/jquery.fancybox-media.js]
[go1.com/js/main.js]
[www.google-analytics.com/analytics.js]
[cdnjs.cloudflare.com/ajax/libs/jquery-jgrowl/1.4.1/jquery.jgrowl.min.js]
[stats.go1.com.au/122721ns.gif]
[go1.com/index.html]
[go1.com/vendors/elegant-icons/fonts/ElegantIcons.eot]
[go1.com/vendors/elegant-icons/fonts/ElegantIcons.woff]
[go1.com/vendors/elegant-icons/fonts/ElegantIconsd41d.eot]
[go1.com/vendors/elegant-icons/fonts/ElegantIcons.ttf]
[go1.com/vendors/elegant-icons/css/style.css]
[go1.com/vendors/etlinefont-bower/fonts/et-line.eot]
[go1.com/vendors/etlinefont-bower/fonts/et-lined41d.eot]
[go1.com/vendors/etlinefont-bower/fonts/et-line.woff]
[go1.com/vendors/etlinefont-bower/fonts/et-line.ttf]
[go1.com/vendors/etlinefont-bower/style.css]
[go1.com/vendors/bootstrap/fonts/glyphicons-halflings-regular.eot]
[go1.com/vendors/bootstrap/fonts/glyphicons-halflings-regular.woff]
[go1.com/vendors/bootstrap/fonts/glyphicons-halflings-regulard41d.eot]
[go1.com/vendors/bootstrap/fonts/glyphicons-halflings-regular.ttf]
[go1.com/vendors/bootstrap/css/bootstrap.min.css]
[go1.com/vendors/animate.css/animate.css]
[go1.com/js/fancybox/source/fancybox_sprite.png]
[go1.com/js/fancybox/source/fancybox_loading.gif]
[go1.com/js/fancybox/source/blank.gif]
[go1.com/js/fancybox/source/fancybox_overlay.png]
[go1.com/js/fancybox/source/fancybox_sprite@2x.png]
[go1.com/js/fancybox/source/fancybox_loading@2x.gif]
[go1.com/js/fancybox/source/jquery.fancybox.css]
[go1.com/images/icon-play.png]
[go1.com/images/most_popular_mobile.png]
[go1.com/images/most_popular.png]
[go1.com/images/contact-map.png]
[go1.com/images/404.png]
[go1.com/css/style.css]
[cdnjs.cloudflare.com/ajax/libs/jquery-jgrowl/1.4.1/jquery.jgrowl.min.css]
[go1.com/pricing_vn.html]
[go1.com/features_vn.html]
[go1.com/case-studies_vn.html]
[go1.com/contact_vn.html]
[go1.com/index_vn.html]
[go1.com/pricing.html]
[go1.com/index-2.html]
[go1.com/rto-features.html]
[go1.com/corporate-features.html]
[go1.com/images/introduction-adura.png]
[go1.com/images/built-for-rtos.png]
[cdn.optimizely.com/js/7540005.js]
[go1.com/images/for-enterprise.png]
[go1.com/features.html]
[go1.com/images/clients/VicGov.png]
[go1.com/images/clients/NAB.png]
[go1.com/images/clients/oxford.png]
[go1.com/images/clients/qg.png]
[go1.com/images/clients/lgn.png]
[go1.com/images/clients/educaruno.png]
[go1.com/images/corporate-solutions.png]
[go1.com/images/financial-services.png]
[go1.com/images/design-changes.png]
[go1.com/images/leadership.png]
[go1.com/images/global-training.png]
[go1.com/case-studies.html]
[go1.com/js/main6059.js]
[go1.com/contact.html]
[go1.com/tos.html]
[go1.com/policy.html]
[go1.com/vendors/elegant-icons/fonts/ElegantIcons.svg]
[go1.com/vendors/etlinefont-bower/fonts/et-line.svg]
[go1.com/vendors/bootstrap/fonts/glyphicons-halflings-regular.svg]
[go1.com/images/header-bg.svg]
[go1.com/pricing_vn.html]
[go1.com/rto-features_vn.html]
[go1.com/corporate-features_vn.html]
[go1.com/features_vn.html]
[go1.com/case-studies_vn.html]
[go1.com/contact_vn.html]
[go1.com/rto-features.html]
[go1.com/launch.html]
[go1.com/corporate-features.html]
[go1.com/rto-features_vn.html]
[go1.com/corporate-features_vn.html]
[cdn.jsdelivr.net/jquery.validation/1.14.0/jquery.validate.min.js]
[cdn.jsdelivr.net/jquery.validation/1.14.0/additional-methods.min.js]
[code.jquery.com/jquery-1.11.1.min.js]
[go1.com/images/launch-bg.jpg]
[go1.com/launch-submitted.html]
[go1.com/launch.html]
[checkout.stripe.com/checkout.js]
[go1.com/js/payment.js]
[go1.com/launch-submitted.html]
[go1.com/v3/9CIt5wCy2dzzblmujQszw.html]
[checkout.stripe.com/checkout.js]
[go1.com/v3/9CIt5wCy2dzzblmujQszw.html]
